[debug] [2026-09-04T09:01:21.522Z] ----------------------------------------------------------------------
[debug] [2026-09-04T09:01:21.527Z] Command:       C:\Program Files\nodejs\node.exe C:\Users\reznichenko.i\AppData\Roaming\npm\node_modules\firebase-tools\lib\bin\firebase.js projects:list
[debug] [2026-09-04T09:01:21.527Z] CLI Version:   15.29.0
[debug] [2026-09-04T09:01:21.528Z] Platform:      win32
[debug] [2026-09-04T09:01:21.528Z] Node Version:  v24.13.0
[debug] [2026-09-04T09:01:21.528Z] Detected Agent: cursor
[debug] [2026-09-04T09:01:21.528Z] Time:          Fri Sep 04 2026 12:01:21 GMT+0300 (Москва, стандартное время)
[debug] [2026-09-04T09:01:21.529Z] ----------------------------------------------------------------------
[debug] 
[debug] [2026-09-04T09:01:21.540Z] > command requires scopes: ["email","openid","https://www.googleapis.com/auth/cloudplatformprojects.readonly","https://www.googleapis.com/auth/firebase","https://www.googleapis.com/auth/cloud-platform"]
[debug] [2026-09-04T09:01:21.540Z] > authorizing via signed-in user (ishumakov881@gmail.com)
[debug] [2026-09-04T09:01:21.563Z] Checked if tokens are valid: false, expires at: 1731918075426
[debug] [2026-09-04T09:01:21.563Z] Checked if tokens are valid: false, expires at: 1731918075426
[debug] [2026-09-04T09:01:21.563Z] > refreshing access token with scopes: []
[debug] [2026-09-04T09:01:21.567Z] >>> [apiv2][query] POST https://www.googleapis.com/oauth2/v3/token [none]
[debug] [2026-09-04T09:01:21.567Z] >>> [apiv2][body] POST https://www.googleapis.com/oauth2/v3/token [omitted]
[debug] [2026-09-04T09:01:21.745Z] <<< [apiv2][status] POST https://www.googleapis.com/oauth2/v3/token 400
[debug] [2026-09-04T09:01:21.745Z] <<< [apiv2][body] POST https://www.googleapis.com/oauth2/v3/token [omitted]
[debug] [2026-09-04T09:01:21.745Z] >>> [apiv2][query] GET https://firebase.googleapis.com/v1beta1/projects pageSize=1000
[debug] [2026-09-04T09:01:21.913Z] <<< [apiv2][status] GET https://firebase.googleapis.com/v1beta1/projects 401
[debug] [2026-09-04T09:01:21.913Z] <<< [apiv2][body] GET https://firebase.googleapis.com/v1beta1/projects [omitted]
[debug] [2026-09-04T09:01:21.913Z] Got a 401 Unauthenticated error for a call that required authentication. Refreshing tokens.
[debug] [2026-09-04T09:01:21.914Z] Checked if tokens are valid: false, expires at: 1731918075426
[debug] [2026-09-04T09:01:21.914Z] Checked if tokens are valid: false, expires at: 1731918075426
[debug] [2026-09-04T09:01:21.914Z] > refreshing access token with scopes: []
[debug] [2026-09-04T09:01:21.915Z] >>> [apiv2][query] POST https://www.googleapis.com/oauth2/v3/token [none]
[debug] [2026-09-04T09:01:21.915Z] >>> [apiv2][body] POST https://www.googleapis.com/oauth2/v3/token [omitted]
[debug] [2026-09-04T09:01:21.961Z] <<< [apiv2][status] POST https://www.googleapis.com/oauth2/v3/token 400
[debug] [2026-09-04T09:01:21.961Z] <<< [apiv2][body] POST https://www.googleapis.com/oauth2/v3/token [omitted]
[debug] [2026-09-04T09:01:21.962Z] Request to https://firebase.googleapis.com/v1beta1/projects?pageSize=1000 had HTTP Error: 401, Request had invalid authentication credentials. Expected OAuth 2 access token, login cookie or other valid authentication credential. See https://developers.google.com/identity/sign-in/web/devconsole-project.
[debug] [2026-09-04T09:01:21.964Z] FirebaseError: Request to https://firebase.googleapis.com/v1beta1/projects?pageSize=1000 had HTTP Error: 401, Request had invalid authentication credentials. Expected OAuth 2 access token, login cookie or other valid authentication credential. See https://developers.google.com/identity/sign-in/web/devconsole-project.
    at responseToError (C:\Users\reznichenko.i\AppData\Roaming\npm\node_modules\firebase-tools\lib\responseToError.js:53:12)
    at RetryOperation._fn (C:\Users\reznichenko.i\AppData\Roaming\npm\node_modules\firebase-tools\lib\apiv2.js:415:77)
    at process.processTicksAndRejections (node:internal/process/task_queues:103:5)
[error] 
[error] Error: Failed to list Firebase projects. See firebase-debug.log for more info.
